
fs@DESKTOP-P44M87A MINGW64 /c/SE_5B
$ ls

fs@DESKTOP-P44M87A MINGW64 /c/SE_5B
$ git init
Initialized empty Git repository in C:/SE_5B/.git/

fs@DESKTOP-P44M87A MINGW64 /c/SE_5B (master)
$ ls

fs@DESKTOP-P44M87A MINGW64 /c/SE_5B (master)
$ pwd
/c/SE_5B

fs@DESKTOP-P44M87A MINGW64 /c/SE_5B (master)
$ vi v.txt

[1]+  Stopped                 vi v.txt

fs@DESKTOP-P44M87A MINGW64 /c/SE_5B (master)
$ vi v.txt

fs@DESKTOP-P44M87A MINGW64 /c/SE_5B (master)
$ ls
v.txt

fs@DESKTOP-P44M87A MINGW64 /c/SE_5B (master)
$ git status
On branch master

No commits yet

Untracked files:
  (use "git add <file>..." to include in what will be committed)
        .v.txt.swp
        v.txt

nothing added to commit but untracked files present (use "git add" to track)

fs@DESKTOP-P44M87A MINGW64 /c/SE_5B (master)
$ git add v.txt
warning: in the working copy of 'v.txt', LF will be replaced by CRLF the next time Git touches it

fs@DESKTOP-P44M87A MINGW64 /c/SE_5B (master)
$ git status
On branch master

No commits yet

Changes to be committed:
  (use "git rm --cached <file>..." to unstage)
        new file:   v.txt

Untracked files:
  (use "git add <file>..." to include in what will be committed)
        .v.txt.swp


fs@DESKTOP-P44M87A MINGW64 /c/SE_5B (master)
$ ls
v.txt

fs@DESKTOP-P44M87A MINGW64 /c/SE_5B (master)
$ ls -a
./  ../  .git/  .v.txt.swp  v.txt

fs@DESKTOP-P44M87A MINGW64 /c/SE_5B (master)
$ git config --global --list
fatal: unable to read config file 'C:/Users/fs/.gitconfig': No such file or directory

fs@DESKTOP-P44M87A MINGW64 /c/SE_5B (master)
$ git global --config --list
git: 'global' is not a git command. See 'git --help'.

fs@DESKTOP-P44M87A MINGW64 /c/SE_5B (master)
$ git config --global --list
fatal: unable to read config file 'C:/Users/fs/.gitconfig': No such file or directory

fs@DESKTOP-P44M87A MINGW64 /c/SE_5B (master)
$ git config --global --user.name = Gaurav
error: unknown option `user.name'
usage: git config list [<file-option>] [<display-option>] [--includes]
   or: git config get [<file-option>] [<display-option>] [--includes] [--all] [--regexp] [--value=<pattern>] [--fixed-value] [--default=<default>] [--url=<url>] <name>
   or: git config set [<file-option>] [--type=<type>] [--all] [--value=<pattern>] [--fixed-value] <name> <value>
   or: git config unset [<file-option>] [--all] [--value=<pattern>] [--fixed-value] <name>
   or: git config rename-section [<file-option>] <old-name> <new-name>
   or: git config remove-section [<file-option>] <name>
   or: git config edit [<file-option>]
   or: git config [<file-option>] --get-colorbool <name> [<stdout-is-tty>]

Config file location
    --[no-]global         use global config file
    --[no-]system         use system config file
    --[no-]local          use repository config file
    --[no-]worktree       use per-worktree config file
    -f, --[no-]file <file>
                          use given config file
    --[no-]blob <blob-id> read config from given blob object

Action
    --get                 get value: name [<value-pattern>]
    --get-all             get all values: key [<value-pattern>]
    --get-regexp          get values for regexp: name-regex [<value-pattern>]
    --get-urlmatch        get value specific for the URL: section[.var] URL
    --replace-all         replace all matching variables: name value [<value-pattern>]
    --add                 add a new variable: name value
    --unset               remove a variable: name [<value-pattern>]
    --unset-all           remove all matches: name [<value-pattern>]
    --rename-section      rename section: old-name new-name
    --remove-section      remove a section: name
    -l, --list            list all
    -e, --edit            open an editor
    --get-color           find the color configured: slot [<default>]
    --get-colorbool       find the color setting: slot [<stdout-is-tty>]

Display options
    -z, --[no-]null       terminate values with NUL byte
    --[no-]name-only      show variable names only
    --[no-]show-origin    show origin of config (file, standard input, blob, command line)
    --[no-]show-scope     show scope of config (worktree, local, global, system, command)
    --[no-]show-names     show config keys in addition to their values

Type
    -t, --[no-]type <type>
                          value is given this type
    --bool                value is "true" or "false"
    --int                 value is decimal number
    --bool-or-int         value is --bool or --int
    --bool-or-str         value is --bool or string
    --path                value is a path (file or directory name)
    --expiry-date         value is an expiry date

Other
    --[no-]default <value>
                          with --get, use default value when missing entry
    --[no-]comment <value>
                          human-readable comment string (# will be prepended as needed)
    --[no-]fixed-value    use string equality when comparing values to value pattern
    --[no-]includes       respect include directives on lookup


fs@DESKTOP-P44M87A MINGW64 /c/SE_5B (master)
$ git config --global user.name "Gaurav"

fs@DESKTOP-P44M87A MINGW64 /c/SE_5B (master)
$ git config --global --list
user.name=Gaurav

fs@DESKTOP-P44M87A MINGW64 /c/SE_5B (master)
$ git config --global user.email "pendyalgaurav@gmail.com"

fs@DESKTOP-P44M87A MINGW64 /c/SE_5B (master)
$ git config --global --list
user.name=Gaurav
user.email=pendyalgaurav@gmail.com

fs@DESKTOP-P44M87A MINGW64 /c/SE_5B (master)
$ git commit -m "Hello"
[master (root-commit) 63939f8] Hello
 1 file changed, 3 insertions(+)
 create mode 100644 v.txt

fs@DESKTOP-P44M87A MINGW64 /c/SE_5B (master)
$ git lock
git: 'lock' is not a git command. See 'git --help'.

The most similar commands are
        fsck
        hook

fs@DESKTOP-P44M87A MINGW64 /c/SE_5B (master)
$ git loc
git: 'loc' is not a git command. See 'git --help'.

The most similar command is
        log

fs@DESKTOP-P44M87A MINGW64 /c/SE_5B (master)
$ git log
commit 63939f8148e01eb6a92d7ba4eb297d0e4d9c0cca (HEAD -> master)
Author: Gaurav <pendyalgaurav@gmail.com>
Date:   Fri Jul 10 14:42:32 2026 +0530

    Hello

fs@DESKTOP-P44M87A MINGW64 /c/SE_5B (master)
$ git push
fatal: No configured push destination.
Either specify the URL from the command-line or configure a remote repository using

    git remote add <name> <url>

and then push using the remote name

    git push <name>


fs@DESKTOP-P44M87A MINGW64 /c/SE_5B (master)
$ git remote -v

fs@DESKTOP-P44M87A MINGW64 /c/SE_5B (master)
$ git remote add github.com/GauravPendyal/SE_lab-1
usage: git remote add [<options>] <name> <url>

    -f, --[no-]fetch      fetch the remote branches
    --[no-]tags           import all tags and associated objects when fetching
                          or do not fetch any tag at all (--no-tags)
    -t, --[no-]track <branch>
                          branch(es) to track
    -m, --[no-]master <branch>
                          master branch
    --[no-]mirror[=(push|fetch)]
                          set up remote as a mirror to push to or fetch from


fs@DESKTOP-P44M87A MINGW64 /c/SE_5B (master)
$ git remote add Gaurav github.com/GauravPendyal/SE_lab-1

fs@DESKTOP-P44M87A MINGW64 /c/SE_5B (master)
$ git remote add master github.com/GauravPendyal/SE_lab-1

fs@DESKTOP-P44M87A MINGW64 /c/SE_5B (master)
$ git remote -v
Gaurav  github.com/GauravPendyal/SE_lab-1 (fetch)
Gaurav  github.com/GauravPendyal/SE_lab-1 (push)
master  github.com/GauravPendyal/SE_lab-1 (fetch)
master  github.com/GauravPendyal/SE_lab-1 (push)

fs@DESKTOP-P44M87A MINGW64 /c/SE_5B (master)
$ git push
fatal: No configured push destination.
Either specify the URL from the command-line or configure a remote repository using

    git remote add <name> <url>

and then push using the remote name

    git push <name>


fs@DESKTOP-P44M87A MINGW64 /c/SE_5B (master)
$ git push github.com/GauravPendyal/SE_lab-1
fatal: 'github.com/GauravPendyal/SE_lab-1' does not appear to be a git repository
fatal: Could not read from remote repository.

Please make sure you have the correct access rights
and the repository exists.

fs@DESKTOP-P44M87A MINGW64 /c/SE_5B (master)
$ git push https://github.com/GauravPendyal/SE_lab-1
info: please complete authentication in your browser...



fs@DESKTOP-P44M87A MINGW64 /c/SE_5B (master)
$ git push https://github.com/GauravPendyal/SE_lab-1
info: please complete authentication in your browser...
Enumerating objects: 3, done.
Counting objects: 100% (3/3), done.
Delta compression using up to 4 threads
Compressing objects: 100% (2/2), done.
Writing objects: 100% (3/3), 291 bytes | 145.00 KiB/s, done.
Total 3 (delta 0), reused 0 (delta 0), pack-reused 0 (from 0)
To https://github.com/GauravPendyal/SE_lab-1
 * [new branch]      master -> master

fs@DESKTOP-P44M87A MINGW64 /c/SE_5B (master)
$ nano mylog.txt

fs@DESKTOP-P44M87A MINGW64 /c/SE_5B (master)
$ git add mylog.txt

fs@DESKTOP-P44M87A MINGW64 /c/SE_5B (master)
$ git commit -m "Hello"
[master d6554c4] Hello
 1 file changed, 273 insertions(+)
 create mode 100644 mylog.txt

fs@DESKTOP-P44M87A MINGW64 /c/SE_5B (master)
$ git push https://github.com/GauravPendyal/SE_lab-1
To https://github.com/GauravPendyal/SE_lab-1
 ! [rejected]        master -> master (fetch first)
error: failed to push some refs to 'https://github.com/GauravPendyal/SE_lab-1'
hint: Updates were rejected because the remote contains work that you do not
hint: have locally. This is usually caused by another repository pushing to
hint: the same ref. If you want to integrate the remote changes, use
hint: 'git pull' before pushing again.
hint: See the 'Note about fast-forwards' in 'git push --help' for details.

fs@DESKTOP-P44M87A MINGW64 /c/SE_5B (master)
$ git log
commit d6554c4180472c178484cea62d252ca839bc1320 (HEAD -> master)
Author: Gaurav <pendyalgaurav@gmail.com>
Date:   Fri Jul 10 15:16:41 2026 +0530

    Hello

commit 63939f8148e01eb6a92d7ba4eb297d0e4d9c0cca
Author: Gaurav <pendyalgaurav@gmail.com>
Date:   Fri Jul 10 14:42:32 2026 +0530

    Hello

fs@DESKTOP-P44M87A MINGW64 /c/SE_5B (master)
$ touch file.txt

fs@DESKTOP-P44M87A MINGW64 /c/SE_5B (master)
$ git add .

fs@DESKTOP-P44M87A MINGW64 /c/SE_5B (master)
$ git commit -m "Hello"
[master 8fa4c79] Hello
 1 file changed, 0 insertions(+), 0 deletions(-)
 create mode 100644 file.txt

fs@DESKTOP-P44M87A MINGW64 /c/SE_5B (master)
$ git push
fatal: No configured push destination.
Either specify the URL from the command-line or configure a remote repository using

    git remote add <name> <url>

and then push using the remote name

    git push <name>


fs@DESKTOP-P44M87A MINGW64 /c/SE_5B (master)
$ git push https://github.com/GauravPendyal/SE_lab-1
To https://github.com/GauravPendyal/SE_lab-1
 ! [rejected]        master -> master (fetch first)
error: failed to push some refs to 'https://github.com/GauravPendyal/SE_lab-1'
hint: Updates were rejected because the remote contains work that you do not
hint: have locally. This is usually caused by another repository pushing to
hint: the same ref. If you want to integrate the remote changes, use
hint: 'git pull' before pushing again.
hint: See the 'Note about fast-forwards' in 'git push --help' for details.

fs@DESKTOP-P44M87A MINGW64 /c/SE_5B (master)
$ git push
fatal: No configured push destination.
Either specify the URL from the command-line or configure a remote repository using

    git remote add <name> <url>

and then push using the remote name

    git push <name>


fs@DESKTOP-P44M87A MINGW64 /c/SE_5B (master)
$ git remote -v
Gaurav  github.com/GauravPendyal/SE_lab-1 (fetch)
Gaurav  github.com/GauravPendyal/SE_lab-1 (push)
master  github.com/GauravPendyal/SE_lab-1 (fetch)
master  github.com/GauravPendyal/SE_lab-1 (push)

fs@DESKTOP-P44M87A MINGW64 /c/SE_5B (master)
$ git pull
There is no tracking information for the current branch.
Please specify which branch you want to merge with.
See git-pull(1) for details.

    git pull <remote> <branch>

If you wish to set tracking information for this branch you can do so with:

    git branch --set-upstream-to=<remote>/<branch> master


fs@DESKTOP-P44M87A MINGW64 /c/SE_5B (master)
$ git pull https://github.com/GauravPendyal/SE_lab-1
remote: Enumerating objects: 5, done.
remote: Counting objects: 100% (5/5), done.
remote: Compressing objects: 100% (2/2), done.
remote: Total 3 (delta 1), reused 0 (delta 0), pack-reused 0 (from 0)
Unpacking objects: 100% (3/3), 947 bytes | 39.00 KiB/s, done.
From https://github.com/GauravPendyal/SE_lab-1
 * branch            HEAD       -> FETCH_HEAD
Merge made by the 'ort' strategy.
 v.txt | 2 ++
 1 file changed, 2 insertions(+)

fs@DESKTOP-P44M87A MINGW64 /c/SE_5B (master)
$ git push
fatal: No configured push destination.
Either specify the URL from the command-line or configure a remote repository using

    git remote add <name> <url>

and then push using the remote name

    git push <name>


fs@DESKTOP-P44M87A MINGW64 /c/SE_5B (master)
$ git push https://github.com/GauravPendyal/SE_lab-1
Enumerating objects: 10, done.
Counting objects: 100% (10/10), done.
Delta compression using up to 4 threads
Compressing objects: 100% (7/7), done.
Writing objects: 100% (8/8), 3.10 KiB | 1.03 MiB/s, done.
Total 8 (delta 1), reused 0 (delta 0), pack-reused 0 (from 0)
remote: Resolving deltas: 100% (1/1), done.
To https://github.com/GauravPendyal/SE_lab-1
   5e68f66..11bd98c  master -> master

fs@DESKTOP-P44M87A MINGW64 /c/SE_5B (master)
$ touch file2.txt

fs@DESKTOP-P44M87A MINGW64 /c/SE_5B (master)
$ git add .

fs@DESKTOP-P44M87A MINGW64 /c/SE_5B (master)
$ git commit -m "Hello"
[master ac45913] Hello
 1 file changed, 0 insertions(+), 0 deletions(-)
 create mode 100644 file2.txt

fs@DESKTOP-P44M87A MINGW64 /c/SE_5B (master)
$ git push https://github.com/GauravPendyal/SE_lab-1
Enumerating objects: 3, done.
Counting objects: 100% (3/3), done.
Delta compression using up to 4 threads
Compressing objects: 100% (2/2), done.
Writing objects: 100% (2/2), 224 bytes | 224.00 KiB/s, done.
Total 2 (delta 1), reused 0 (delta 0), pack-reused 0 (from 0)
remote: Resolving deltas: 100% (1/1), completed with 1 local object.
To https://github.com/GauravPendyal/SE_lab-1
   11bd98c..ac45913  master -> master

fs@DESKTOP-P44M87A MINGW64 /c/SE_5B (master)
$ git push https://github.com/GauravPendyal/SE_lab-1
To https://github.com/GauravPendyal/SE_lab-1
 ! [rejected]        master -> master (fetch first)
error: failed to push some refs to 'https://github.com/GauravPendyal/SE_lab-1'
hint: Updates were rejected because the remote contains work that you do not
hint: have locally. This is usually caused by another repository pushing to
hint: the same ref. If you want to integrate the remote changes, use
hint: 'git pull' before pushing again.
hint: See the 'Note about fast-forwards' in 'git push --help' for details.

fs@DESKTOP-P44M87A MINGW64 /c/SE_5B (master)
$ git pull https://github.com/GauravPendyal/SE_lab-1
remote: Enumerating objects: 5, done.
remote: Counting objects: 100% (5/5), done.
remote: Compressing objects: 100% (3/3), done.
remote: Total 3 (delta 2), reused 0 (delta 0), pack-reused 0 (from 0)
Unpacking objects: 100% (3/3), 954 bytes | 43.00 KiB/s, done.
From https://github.com/GauravPendyal/SE_lab-1
 * branch            HEAD       -> FETCH_HEAD
Updating ac45913..1a4b676
Fast-forward
 v.txt | 2 +-
 1 file changed, 1 insertion(+), 1 deletion(-)

fs@DESKTOP-P44M87A MINGW64 /c/SE_5B (master)
$ git push https://github.com/GauravPendyal/SE_lab-1
Everything up-to-date

fs@DESKTOP-P44M87A MINGW64 /c/SE_5B (master)
$ git add .

fs@DESKTOP-P44M87A MINGW64 /c/SE_5B (master)
$ git commit -m "Hello"
[master 7f1647b] Hello
 1 file changed, 191 insertions(+), 1 deletion(-)

fs@DESKTOP-P44M87A MINGW64 /c/SE_5B (master)
$ git push https://github.com/GauravPendyal/SE_lab-1
Enumerating objects: 5, done.
Counting objects: 100% (5/5), done.
Delta compression using up to 4 threads
Compressing objects: 100% (3/3), done.
Writing objects: 100% (3/3), 1.37 KiB | 701.00 KiB/s, done.
Total 3 (delta 2), reused 0 (delta 0), pack-reused 0 (from 0)
remote: Resolving deltas: 100% (2/2), completed with 2 local objects.
To https://github.com/GauravPendyal/SE_lab-1
   1a4b676..7f1647b  master -> master

fs@DESKTOP-P44M87A MINGW64 /c/SE_5B (master)
$ history
    1  ls
    2  git init
    3  ls
    4  pwd
    5  vi v.txt
    6  vi v.txt
    7  ls
    8  git status
    9  git add v.txt
   10  git status
   11  ls
   12  ls -a
   13  git config --global --list
   14  git global --config --list
   15  git config --global --list
   16  git config --global --user.name = Gaurav
   17  git config --global user.name "Gaurav"
   18  git config --global --list
   19  git config --global user.email "pendyalgaurav@gmail.com"
   20  git config --global --list
   21  git commit -m "Hello"
   22  git lock
   23  git loc
   24  git log
   25*
   26  git remote -v
   27  git remote add github.com/GauravPendyal/SE_lab-1
   28  git remote add Gaurav github.com/GauravPendyal/SE_lab-1
   29  git remote add master github.com/GauravPendyal/SE_lab-1
   30  git remote -v
   31  git push
   32  git push github.com/GauravPendyal/SE_lab-1
   33  git push https://github.com/GauravPendyal/SE_lab-1
   34  git push https://github.com/GauravPendyal/SE_lab-1
   35  nano mylog.txt
   36  git add mylog.txt
   37  git commit -m "Hello"
   38  git push https://github.com/GauravPendyal/SE_lab-1
   39  git log
   40  touch file.txt
   41  git add .
   42  git commit -m "Hello"
   43  git push
   44  git push https://github.com/GauravPendyal/SE_lab-1
   45  git push
   46  git remote -v
   47  git pull
   48  git pull https://github.com/GauravPendyal/SE_lab-1
   49  git push
   50  git push https://github.com/GauravPendyal/SE_lab-1
   51  touch file2.txt
   52  git add .
   53  git commit -m "Hello"
   54  git push https://github.com/GauravPendyal/SE_lab-1
   55  git push https://github.com/GauravPendyal/SE_lab-1
   56  git pull https://github.com/GauravPendyal/SE_lab-1
   57  git push https://github.com/GauravPendyal/SE_lab-1
   58  git add .
   59  git commit -m "Hello"
   60  git push https://github.com/GauravPendyal/SE_lab-1
   61  history

fs@DESKTOP-P44M87A MINGW64 /c/SE_5B (master)
$

